[
  {
    "@timestamp": "2020-07-28T08:17:00.4706442Z",
    "event": {
      "action": "Authentication Policy Change",
      "code": "4716",
      "kind": "event",
      "outcome": "success",
      "provider": "Microsoft-Windows-Security-Auditing"
    },
    "host": {
      "name": "WIN-BVM4LI1L1Q6.TEST.local"
    },
    "log": {
      "level": "information"
    },
    "winlog": {
      "activity_id": "{be129571-63f8-0000-a795-12bef863d601}",
      "api": "wineventlog",
      "channel": "Security",
      "computer_name": "WIN-BVM4LI1L1Q6.TEST.local",
      "event_data": {
        "DomainName": "-",
        "DomainSid": "S-1-0-0",
        "SidFilteringEnabled": "-",
        "SubjectDomainName": "TEST",
        "SubjectLogonId": "0x6a868",
        "SubjectUserName": "Administrator",
        "SubjectUserSid": "S-1-5-21-2024912787-2692429404-2351956786-500",
        "TdoAttributes": "1",
        "TdoDirection": "3",
        "TdoType": "3"
      },
      "event_id": "4716",
      "keywords": [
        "Audit Success"
      ],
      "opcode": "Info",
      "process": {
        "pid": 776,
        "thread": {
          "id": 3776
        }
      },
      "provider_guid": "{54849625-5478-4994-a5ba-3e3b0328c30d}",
      "provider_name": "Microsoft-Windows-Security-Auditing",
      "record_id": 14929,
      "task": "Authentication Policy Change"
    }
  }
]