[
  {
    "@timestamp": "2020-07-27T09:34:50.1578005Z",
    "event": {
      "action": "Authentication Policy Change",
      "code": "4739",
      "kind": "event",
      "outcome": "success",
      "provider": "Microsoft-Windows-Security-Auditing"
    },
    "host": {
      "name": "WIN-BVM4LI1L1Q6.TEST.local"
    },
    "log": {
      "level": "information"
    },
    "winlog": {
      "api": "wineventlog",
      "channel": "Security",
      "computer_name": "WIN-BVM4LI1L1Q6.TEST.local",
      "event_data": {
        "DomainBehaviorVersion": "-",
        "DomainName": "TEST",
        "DomainPolicyChanged": "Password Policy",
        "DomainSid": "S-1-5-21-2024912787-2692429404-2351956786",
        "MachineAccountQuota": "-",
        "MixedDomainMode": "-",
        "OemInformation": "-",
        "PasswordHistoryLength": "-",
        "PrivilegeList": "-",
        "SubjectDomainName": "TEST",
        "SubjectLogonId": "0x3e7",
        "SubjectUserName": "WIN-BVM4LI1L1Q6$",
        "SubjectUserSid": "S-1-5-18"
      },
      "event_id": "4739",
      "keywords": [
        "Audit Success"
      ],
      "opcode": "Info",
      "process": {
        "pid": 776,
        "thread": {
          "id": 812
        }
      },
      "provider_guid": "{54849625-5478-4994-a5ba-3e3b0328c30d}",
      "provider_name": "Microsoft-Windows-Security-Auditing",
      "record_id": 3532,
      "task": "Authentication Policy Change"
    }
  }
]