[
  {
    "@timestamp": "2020-08-17T12:49:09.4942066Z",
    "event": {
      "action": "Audit Policy Change",
      "code": "4817",
      "kind": "event",
      "outcome": "success",
      "provider": "Microsoft-Windows-Security-Auditing"
    },
    "host": {
      "name": "WIN-BVM4LI1L1Q6.TEST.local"
    },
    "log": {
      "level": "information"
    },
    "winlog": {
      "activity_id": "{dfcd2c2a-7481-0000-682c-cddf8174d601}",
      "api": "wineventlog",
      "channel": "Security",
      "computer_name": "WIN-BVM4LI1L1Q6.TEST.local",
      "event_data": {
        "NewSd": "S:(AU;SA;CCDCLCSWRPWPDTLOCRSDRCWDWO;;;S-1-5-21-2024912787-2692429404-2351956786-500)(AU;SA;CCDCLCSWRPWPDTLOCRSDRCWDWO;;;S-1-5-21-2024912787-2692429404-2351956786-1000)",
        "ObjectName": "File",
        "ObjectServer": "LSA",
        "ObjectType": "Global SACL",
        "SubjectDomainName": "TEST",
        "SubjectLogonId": "0x3e7",
        "SubjectUserName": "WIN-BVM4LI1L1Q6$",
        "SubjectUserSid": "S-1-5-18"
      },
      "event_id": "4817",
      "keywords": [
        "Audit Success"
      ],
      "opcode": "Info",
      "process": {
        "pid": 776,
        "thread": {
          "id": 3052
        }
      },
      "provider_guid": "{54849625-5478-4994-a5ba-3e3b0328c30d}",
      "provider_name": "Microsoft-Windows-Security-Auditing",
      "record_id": 114278,
      "task": "Audit Policy Change"
    }
  }
]