[
  {
    "@timestamp": "2020-04-05T16:33:32.3888253Z",
    "event": {
      "action": "Other Logon/Logoff Events",
      "code": "4778",
      "kind": "event",
      "outcome": "success",
      "provider": "Microsoft-Windows-Security-Auditing"
    },
    "host": {
      "name": "DC_TEST2k12.TEST.SAAS"
    },
    "log": {
      "level": "information"
    },
    "winlog": {
      "api": "wineventlog",
      "channel": "Security",
      "computer_name": "DC_TEST2k12.TEST.SAAS",
      "event_data": {
        "AccountDomain": "TEST",
        "AccountName": "at_adm",
        "ClientAddress": "10.100.150.9",
        "ClientName": "EQP01777",
        "LogonID": "0x76fea87",
        "SessionName": "RDP-Tcp#127"
      },
      "event_id": "4778",
      "keywords": [
        "Audit Success"
      ],
      "opcode": "Info",
      "process": {
        "pid": 496,
        "thread": {
          "id": 4184
        }
      },
      "provider_guid": "{54849625-5478-4994-a5ba-3e3b0328c30d}",
      "provider_name": "Microsoft-Windows-Security-Auditing",
      "record_id": 5101675,
      "task": "Other Logon/Logoff Events"
    }
  }
]