[
  {
    "@timestamp": "2020-04-01T08:45:44.1717416Z",
    "event": {
      "action": "Kerberos Authentication Service",
      "code": "4768",
      "kind": "event",
      "outcome": "success",
      "provider": "Microsoft-Windows-Security-Auditing"
    },
    "host": {
      "name": "DC_TEST2k12.TEST.SAAS"
    },
    "log": {
      "level": "information"
    },
    "winlog": {
      "api": "wineventlog",
      "channel": "Security",
      "computer_name": "DC_TEST2k12.TEST.SAAS",
      "event_data": {
        "IpAddress": "::1",
        "IpPort": "0",
        "PreAuthType": "2",
        "ServiceName": "krbtgt",
        "ServiceSid": "S-1-5-21-1717121054-434620538-60925301-502",
        "Status": "0x0",
        "TargetDomainName": "TEST.SAAS",
        "TargetSid": "S-1-5-21-1717121054-434620538-60925301-2794",
        "TargetUserName": "at_adm",
        "TicketEncryptionType": "0x12",
        "TicketOptions": "0x40810010"
      },
      "event_id": "4768",
      "keywords": [
        "Audit Success"
      ],
      "opcode": "Info",
      "process": {
        "pid": 496,
        "thread": {
          "id": 2868
        }
      },
      "provider_guid": "{54849625-5478-4994-a5ba-3e3b0328c30d}",
      "provider_name": "Microsoft-Windows-Security-Auditing",
      "record_id": 5040235,
      "task": "Kerberos Authentication Service"
    }
  }
]