[
  {
    "@timestamp": "2019-11-14T17:10:15.1515514Z",
    "event": {
      "action": "Process Creation",
      "code": "4688",
      "kind": "event",
      "outcome": "success",
      "provider": "Microsoft-Windows-Security-Auditing"
    },
    "host": {
      "name": "vagrant"
    },
    "log": {
      "level": "information"
    },
    "winlog": {
      "api": "wineventlog",
      "channel": "Security",
      "computer_name": "vagrant",
      "event_data": {
        "CommandLine": "\"C:\\Windows\\system32\\wevtutil.exe\" cl Security",
        "MandatoryLabel": "S-1-16-12288",
        "NewProcessId": "0x11cc",
        "NewProcessName": "C:\\Windows\\System32\\wevtutil.exe",
        "ParentProcessName": "C:\\Windows\\System32\\WindowsPowerShell\\v1.0\\powershell.exe",
        "ProcessId": "0x122c",
        "SubjectDomainName": "VAGRANT",
        "SubjectLogonId": "0x274a2",
        "SubjectUserName": "vagrant",
        "SubjectUserSid": "S-1-5-21-1610636575-2290000098-1654242922-1000",
        "TargetDomainName": "-",
        "TargetLogonId": "0x0",
        "TargetUserName": "-",
        "TargetUserSid": "S-1-0-0",
        "TokenElevationType": "%%1937"
      },
      "event_id": "4688",
      "keywords": [
        "Audit Success"
      ],
      "opcode": "Info",
      "process": {
        "pid": 4,
        "thread": {
          "id": 5076
        }
      },
      "provider_guid": "{54849625-5478-4994-a5ba-3e3b0328c30d}",
      "provider_name": "Microsoft-Windows-Security-Auditing",
      "record_id": 5010,
      "task": "Process Creation",
      "version": 2
    }
  }
]